{
  "ok": 1,
  "cursor": {
    "id": 0,
    "ns": "test.collection",
    "firstBatch": []
  }
}
