{
  "ok": 1,
  "version": "1.0.0",
  "gitVersion": "fauxdb-1.0.0"
}
