{
  "ok": 1,
  "cursor": {
    "id": 0,
    "ns": "test.collection",
    "firstBatch": [
      {"_id": "pg_1"},
      {"_id": "pg_2"},
      {"_id": "pg_3"},
      {"_id": "pg_4"},
      {"_id": "pg_5"}
    ]
  }
}
