{
  "ok": 1,
  "isWritablePrimary": true,
  "ismaster": true,
  "maxBsonObjectSize": 16777216
}
