{
  "ok": 0,
  "code": 59,
  "codeName": "CommandNotFound",
  "errmsg": "no such command: unknownCommand"
}
