[
    {
        "_id": "ObjectId(...)",
        "name": "Alice",
        "age": 30,
        "skills": ["python", "sql"],
        "address": {
            "city": "San Francisco",
            "state": "CA"
        }
    }
]
