[
    {
        "_id": "ObjectId(...)",
        "name": "Jane Doe",
        "age": 28,
        "email": "jane@example.com"
    }
]
