{
    "matchedCount": 1,
    "modifiedCount": 1,
    "upsertedId": null,
    "ok": 1.0
}
