-- Basic BSON functionality tests
-- Test basic type creation, input/output, and simple operations

-- Create extension
CREATE EXTENSION

-- Test basic type creation
 ?column? 
----------
 {}
(1 row)

 ?column? 
----------
 []
(1 row)

 ?column? 
----------
 "hello"
(1 row)

 ?column? 
----------
 123
(1 row)

 ?column? 
----------
 true
(1 row)

 ?column? 
----------
 null
(1 row)

-- Test basic operators
 ?column? 
----------
 "test"
(1 row)

 ?column? 
----------
 test
(1 row)

 ?column? 
----------
 t
(1 row)

 ?column? 
----------
 f
(1 row)

-- Test array operations
 ?column? 
----------
 "a"
(1 row)

 ?column? 
----------
 a
(1 row)

-- Test nested objects
 ?column? 
----------
 "john"
(1 row)

 ?column? 
----------
 30
(1 row)

-- Test comparison operators
 ?column? 
----------
 t
(1 row)

 ?column? 
----------
 t
(1 row)

-- Test containment operators
 ?column? 
----------
 t
(1 row)

 ?column? 
----------
 t
(1 row)

-- Test existence operators
 ?column? 
----------
 t
(1 row)

 ?column? 
----------
 t
(1 row)
